#! /usr/bin/vvp
:ivl_version "12.0 (stable)";
:ivl_delay_selection "TYPICAL";
:vpi_time_precision - 12;
:vpi_module "/usr/lib/x86_64-linux-gnu/ivl/system.vpi";
:vpi_module "/usr/lib/x86_64-linux-gnu/ivl/vhdl_sys.vpi";
:vpi_module "/usr/lib/x86_64-linux-gnu/ivl/vhdl_textio.vpi";
:vpi_module "/usr/lib/x86_64-linux-gnu/ivl/v2005_math.vpi";
:vpi_module "/usr/lib/x86_64-linux-gnu/ivl/va_math.vpi";
S_0x5b0430dcf650 .scope module, "tb_t_latch" "tb_t_latch" 2 3;
 .timescale -9 -12;
v0x5b0430de2ba0_0 .var "enb", 0 0;
v0x5b0430de2c60_0 .net "q", 0 0, v0x5b0430de27d0_0;  1 drivers
v0x5b0430de2d30_0 .net "qbar", 0 0, v0x5b0430de2890_0;  1 drivers
v0x5b0430de2e30_0 .var "rst", 0 0;
v0x5b0430de2f00_0 .var "t", 0 0;
S_0x5b0430dcf7e0 .scope module, "dut" "t_latch" 2 7, 3 3 0, S_0x5b0430dcf650;
 .timescale -9 -12;
    .port_info 0 /INPUT 1 "rst";
    .port_info 1 /INPUT 1 "enb";
    .port_info 2 /INPUT 1 "t";
    .port_info 3 /OUTPUT 1 "q";
    .port_info 4 /OUTPUT 1 "qbar";
v0x5b0430dbdee0_0 .net "enb", 0 0, v0x5b0430de2ba0_0;  1 drivers
v0x5b0430de27d0_0 .var "q", 0 0;
v0x5b0430de2890_0 .var "qbar", 0 0;
v0x5b0430de2930_0 .net "rst", 0 0, v0x5b0430de2e30_0;  1 drivers
v0x5b0430de29f0_0 .net "t", 0 0, v0x5b0430de2f00_0;  1 drivers
E_0x5b0430dd02e0 .event anyedge, v0x5b0430de2930_0, v0x5b0430dbdee0_0, v0x5b0430de29f0_0, v0x5b0430de27d0_0;
    .scope S_0x5b0430dcf7e0;
T_0 ;
    %wait E_0x5b0430dd02e0;
    %load/vec4 v0x5b0430de2930_0;
    %flag_set/vec4 8;
    %jmp/0xz  T_0.0, 8;
    %pushi/vec4 0, 0, 1;
    %store/vec4 v0x5b0430de27d0_0, 0, 1;
    %jmp T_0.1;
T_0.0 ;
    %load/vec4 v0x5b0430dbdee0_0;
    %flag_set/vec4 8;
    %jmp/0xz  T_0.2, 8;
    %load/vec4 v0x5b0430de29f0_0;
    %flag_set/vec4 8;
    %jmp/0xz  T_0.4, 8;
    %load/vec4 v0x5b0430de27d0_0;
    %inv;
    %store/vec4 v0x5b0430de27d0_0, 0, 1;
T_0.4 ;
T_0.2 ;
T_0.1 ;
    %load/vec4 v0x5b0430de27d0_0;
    %inv;
    %store/vec4 v0x5b0430de2890_0, 0, 1;
    %jmp T_0;
    .thread T_0, $push;
    .scope S_0x5b0430dcf650;
T_1 ;
    %vpi_call 2 11 "$dumpfile", "t_latch.vcd" {0 0 0};
    %vpi_call 2 12 "$dumpvars", 32'sb00000000000000000000000000000000, S_0x5b0430dcf650 {0 0 0};
    %end;
    .thread T_1;
    .scope S_0x5b0430dcf650;
T_2 ;
    %vpi_call 2 16 "$monitor", "rst=%b enb=%b t=%b q=%b qbar=%b", v0x5b0430de2e30_0, v0x5b0430de2ba0_0, v0x5b0430de2f00_0, v0x5b0430de2c60_0, v0x5b0430de2d30_0 {0 0 0};
    %pushi/vec4 1, 0, 1;
    %store/vec4 v0x5b0430de2e30_0, 0, 1;
    %delay 10000, 0;
    %pushi/vec4 0, 0, 1;
    %store/vec4 v0x5b0430de2e30_0, 0, 1;
    %pushi/vec4 0, 0, 1;
    %store/vec4 v0x5b0430de2ba0_0, 0, 1;
    %delay 10000, 0;
    %pushi/vec4 1, 0, 1;
    %store/vec4 v0x5b0430de2ba0_0, 0, 1;
    %pushi/vec4 0, 0, 1;
    %store/vec4 v0x5b0430de2f00_0, 0, 1;
    %delay 10000, 0;
    %pushi/vec4 1, 0, 1;
    %store/vec4 v0x5b0430de2f00_0, 0, 1;
    %delay 10000, 0;
    %end;
    .thread T_2;
# The file index is used to find the file name in the following table.
:file_names 4;
    "N/A";
    "<interactive>";
    "Testbench/tb_t_latch.v";
    "RTL/t_latch.v";
